---
source: crates/mwl-ir/src/lower.rs
expression: "print_function(&f, map.file(file))"
---
fn <script>() -> mixed {
  bb0:
    safepoint
    ; stmt s0 @2:1-2:12
    v0 = const.int 1  ; int
    ; stmt s1 @3:1-3:13
    v1 = const.int 2  ; int
    v2 = add v0, v1  ; int
    ; stmt s2 @4:1-4:9
    v3 = helper.int_to_string v2  ; string
    helper.echo_str v3
    release v3
    return
}
