---
source: crates/mwl-ir/src/lower.rs
expression: "print_function(&f, map.file(file))"
---
fn m(object) -> void {
  bb0:
    safepoint
    v0 = param 0  ; object
    ; stmt s0 @4:5-4:20
    v1 = call T::helper() ! bb1  ; void
    release v0
    return
  bb1:
    release v0
    propagate "m() at t.mwl:4"
}
