---
source: crates/nvs-ir/src/lower/tests.rs
assertion_line: 2748
expression: "print_program(&p, map.file(file))"
---
fn T::make(classdesc, ref) -> object {
  bb0:
    safepoint
    v0 = param 0  ; classdesc
    v1 = param 1  ; ref
    ; stmt s0 @4:5-4:32
    v2 = new T$fn0() ! bb1  ; object
    v3 = const.int 0  ; int
    field.set v2, T$fn0::fn#arity, v3
    v4 = const.int 0  ; int
    field.set v2, T$fn0::fn#params, v4
    v5 = ref.load v1  ; string
    retain v5
    field.set v2, T$fn0::s, v5
    return v2
  bb1:
    propagate "T::make() at t.nvs:4"
}

fn T$fn0::invoke(object) -> string {
  bb0:
    safepoint
    v0 = param 0  ; object
    v1 = field.get v0, T$fn0::s  ; string
    retain v1
    retain v1
    release v0
    release v1
    return v1
}

fn <script>() -> tagged {
  bb0:
    safepoint
    v0 = const.null  ; null
    v1 = tag v0  ; tagged
    return v1
}

fn Throwable::constructor(object, string, tagged) -> void {
  bb0:
    safepoint
    v0 = param 0  ; object
    v1 = param 1  ; string
    retain v1
    field.set v0, Throwable::message, v1
    v2 = param 2  ; tagged
    retain v2
    field.set v0, Throwable::previous, v2
    v3 = array.new []  ; array
    field.set v0, Throwable::backtrace, v3
    v4 = const.str ""  ; string
    field.set v0, Throwable::location, v4
    release v1
    release v2
    release v0
    return
}

fn ParseError::constructor(object, string, tagged) -> void {
  bb0:
    safepoint
    v0 = param 0  ; object
    v1 = param 1  ; string
    retain v1
    field.set v0, ParseError::message, v1
    v2 = param 2  ; tagged
    retain v2
    field.set v0, ParseError::previous, v2
    v3 = array.new []  ; array
    field.set v0, ParseError::backtrace, v3
    v4 = const.str ""  ; string
    field.set v0, ParseError::location, v4
    v5 = array.new []  ; array
    field.set v0, ParseError::issues, v5
    release v1
    release v2
    release v0
    return
}

fn Core\Db\DbError::constructor(object, string, tagged) -> void {
  bb0:
    safepoint
    v0 = param 0  ; object
    v1 = param 1  ; string
    retain v1
    field.set v0, Core\Db\DbError::message, v1
    v2 = param 2  ; tagged
    retain v2
    field.set v0, Core\Db\DbError::previous, v2
    v3 = array.new []  ; array
    field.set v0, Core\Db\DbError::backtrace, v3
    v4 = const.str ""  ; string
    field.set v0, Core\Db\DbError::location, v4
    v5 = const.int 10  ; enum:int
    field.set v0, Core\Db\DbError::kind, v5
    release v1
    release v2
    release v0
    return
}

fn Core\Db\RolledBack::constructor(object, string, tagged) -> void {
  bb0:
    safepoint
    v0 = param 0  ; object
    v1 = param 1  ; string
    retain v1
    field.set v0, Core\Db\RolledBack::message, v1
    v2 = param 2  ; tagged
    retain v2
    field.set v0, Core\Db\RolledBack::previous, v2
    v3 = array.new []  ; array
    field.set v0, Core\Db\RolledBack::backtrace, v3
    v4 = const.str ""  ; string
    field.set v0, Core\Db\RolledBack::location, v4
    retain v1
    field.set v0, Core\Db\RolledBack::reason, v1
    release v1
    release v2
    release v0
    return
}

fn Core\Ldap\LdapError::constructor(object, string, tagged) -> void {
  bb0:
    safepoint
    v0 = param 0  ; object
    v1 = param 1  ; string
    retain v1
    field.set v0, Core\Ldap\LdapError::message, v1
    v2 = param 2  ; tagged
    retain v2
    field.set v0, Core\Ldap\LdapError::previous, v2
    v3 = array.new []  ; array
    field.set v0, Core\Ldap\LdapError::backtrace, v3
    v4 = const.str ""  ; string
    field.set v0, Core\Ldap\LdapError::location, v4
    v5 = const.int 20  ; enum:int
    field.set v0, Core\Ldap\LdapError::kind, v5
    release v1
    release v2
    release v0
    return
}
