---
source: crates/nvs-ir/src/lower/tests.rs
expression: "print_function(&f, map.file(file))"
---
fn <script>() -> tagged {
  bb0:
    safepoint
    ; stmt s0 @3:1-3:28
    v0 = const.uint 2  ; enum:uint
    v1 = reinterpret v0  ; uint
    v2 = const.null  ; null
    v3 = tag v2  ; tagged
    return v3
}
