---
source: crates/nvs-ir/src/lower/mod.rs
expression: "print_function(&f, map.file(file))"
---
fn name(object, int) -> string {
  bb0:
    safepoint
    v0 = param 0  ; object
    v1 = param 1  ; int
    ; stmt s0 @4:5-6:7
    v2 = const.int 1  ; int
    v3 = eq v1, v2  ; bool
    branch v3 -> bb1 (e0), bb3 (e1)
  bb1:
    v10 = const.str "one"  ; string
    jump bb2
  bb2:
    v11 = phi [bb1: v10]  ; string
    release v0
    return v11
  bb3:
    v4 = const.str "no `match` arm matched the subject"  ; string
    v5 = const.null  ; null
    v6 = tag v5  ; tagged
    v7 = new LogicError via Throwable::constructor(v4, v6) ! bb4  ; object
    v8 = field.get v7, Throwable::location  ; string
    release v8
    v9 = const.str "t.nvs:4"  ; string
    field.set v7, Throwable::location, v9
    throw v7 -> bb5
  bb4:
    release v0
    propagate "name() at t.nvs:4"
  bb5:
    release v0
    propagate "name() at t.nvs:4"
}
