---
source: crates/nvs-ir/src/lower.rs
expression: "print_function(&f, map.file(file))"
---
fn m(object) -> void {
  bb0:
    safepoint
    v0 = param 0  ; object
    ; stmt s0 @7:5-7:26
    v1 = new Foo() ! bb1  ; object
    ; stmt s1 @8:5-8:24
    v2 = const.str "new"  ; string
    v3 = field.get v1, Foo::name  ; string
    release v3
    field.set v1, Foo::name, v2
    release v1
    release v0
    return
  bb1:
    release v0
    propagate "m() at t.nvs:7"
}
