---
source: crates/nvs-ir/src/lower/tests.rs
expression: "print_function(&f, map.file(file))"
---
fn m(object) -> int {
  bb0:
    safepoint
    v0 = param 0  ; object
    ; stmt s0 @4:5-8:6
    ; stmt s1 @5:7-5:25
    v1 = class.desc T  ; classdesc
    v2 = call T::inner(this: v1) ! bb3  ; int
    ; stmt s2 @7:7-7:19
    v3 = const.str "done"  ; string
    helper.echo_str v3 ! bb6
    release v3
    release v0
    return v2
  bb1:
    v4 = take.thrown  ; object
    ; stmt s3 @7:7-7:19
    v5 = const.str "done"  ; string
    helper.echo_str v5 ! bb7
    release v5
    throw v4 -> bb8
  bb2:
    release v0
    return
  bb3:
    catch -> bb4 else bb5
  bb4:
    raise.site t.nvs:5
    jump bb1
  bb5:
    release v0
    propagate "m() at t.nvs:5"
  bb6:
    release v3
    release v0
    propagate "m() at t.nvs:7"
  bb7:
    release v5
    release v0
    propagate "m() at t.nvs:7"
  bb8:
    release v0
    propagate "m() at t.nvs:7"
}
