---
source: crates/nvs-ir/src/lower/tests.rs
expression: "print_function(&f, map.file(file))"
---
fn <script>() -> tagged {
  bb0:
    safepoint
    ; stmt s0 @2:1-2:12
    v0 = const.int 1  ; int
    ; stmt s1 @3:1-3:13
    v1 = const.int 2  ; int
    v2 = add v0, v1 ! bb1  ; int
    ; stmt s2 @4:1-4:9
    v3 = helper.int_to_string v2 ! bb2  ; string
    helper.echo_str v3 ! bb3
    release v3
    v4 = const.null  ; null
    v5 = tag v4  ; tagged
    return v5
  bb1:
    propagate "<script>() at t.nvs:3"
  bb2:
    propagate "<script>() at t.nvs:4"
  bb3:
    release v3
    propagate "<script>() at t.nvs:4"
}
