---
source: crates/nvs-ir/src/lower/tests.rs
expression: "print_function(&f, map.file(file))"
---
fn m(object, object) -> string {
  bb0:
    safepoint
    v0 = param 0  ; object
    v1 = param 1  ; object
    ; stmt s0 @7:5-7:21
    retain v1
    v2 = class.of v1  ; classdesc
    v3 = call.virtual v2::toString else Name::toString(this: v1) ! bb1  ; string
    v4 = const.str "x"  ; string
    v5 = concat v3, v4  ; string
    release v4
    release v1
    release v0
    return v5
  bb1:
    release v1
    release v0
    propagate "m() at t.nvs:7"
}
