---
source: crates/nvs-ir/src/lower/tests.rs
expression: "print_function(&f, map.file(file))"
---
fn m(object, bool) -> string {
  bb0:
    safepoint
    v0 = param 0  ; object
    v1 = param 1  ; bool
    ; stmt s0 @4:5-4:24
    v2 = helper.bool_to_string v1 ! bb1  ; string
    v3 = const.str "!"  ; string
    v4 = concat v2, v3  ; string
    release v3
    release v0
    return v4
  bb1:
    release v0
    propagate "m() at t.nvs:4"
}
