---
source: crates/nvs-ir/src/lower/mod.rs
expression: "print_function(&f, map.file(file))"
---
fn bump(classdesc, ref) -> void {
  bb0:
    safepoint
    v0 = param 0  ; classdesc
    v1 = param 1  ; ref
    ; stmt s0 @3:69-3:87
    v2 = ref.load v1  ; int
    v3 = const.int 5  ; int
    v4 = add v2, v3 ! bb1  ; int
    ref.store v1, v4
    return
  bb1:
    propagate "bump() at t.nvs:3"
}
