---
source: crates/nvs-ir/src/lower.rs
expression: "print_function(&f, map.file(file))"
---
fn m(object, int) -> bool {
  bb0:
    safepoint
    v0 = param 0  ; object
    v1 = param 1  ; int
    ; stmt s0 @4:5-6:6
    v2 = helper.int_truthy v1  ; bool
    branch v2 -> bb2 (e0), bb1 (e1)
  bb1:
    ; stmt s3 @7:5-7:18
    v4 = const.bool false  ; bool
    release v0
    return v4
  bb2:
    ; stmt s1 @4:13-6:6
    ; stmt s2 @5:7-5:19
    v3 = const.bool true  ; bool
    release v0
    return v3
}
