---
source: crates/mwl-ir/src/lower/mod.rs
expression: "print_function(&f, map.file(file))"
---
fn <script>() -> tagged {
  bb0:
    safepoint
    ; stmt s0 @2:1-2:22
    v0 = const.str "Hello, World!"  ; string
    helper.echo_str v0 ! bb1
    release v0
    return
  bb1:
    propagate "<script>() at t.mwl:2"
}
